
Map of Debug\atomthreads-sample-cosmic.sm8 from link file Debug\atomthreads-sample-cosmic.lkf - Wed Aug 24 22:56:59 2011


                               --------
                               Segments
                               --------

start 00008080 end 00008125 length   165 segment .const
start 0000813a end 00009b05 length  6603 segment .text
start 00004000 end 00004000 length     0 segment .eeprom
start 00000000 end 00000000 length     0 segment .bsct
start 00000000 end 0000000a length    10 segment .ubsct
start 0000000a end 0000000a length     0 segment .bit
start 0000000a end 0000000a length     0 segment .share
start 00000100 end 0000010d length    13 segment .data, initialized
start 0000812d end 0000813a length    13 segment .data, from
start 0000010d end 000002d4 length   455 segment .bss
start 00000000 end 00001043 length  4163 segment .info.
start 00000000 end 00008810 length 34832 segment .debug
start 00008000 end 00008080 length   128 segment .const
start 00008125 end 0000812d length     8 segment .init


                               -------
                               Modules
                               -------

C:\Programmi\COSMIC\CXSTM8_32K\Lib\crtsi0.sm8:
start 0000813a end 00008185 length    75 section .text
start 0000010d end 0000010d length     0 section .bss
start 00000000 end 00000000 length     0 section .ubsct
start 00000000 end 0000002f length    47 section .info.

Debug\atomkernel.o:
start 00000100 end 00000107 length     7 section .data
start 0000010d end 00000124 length    23 section .bss
start 00000000 end 00000ca3 length  3235 section .debug
start 0000002f end 000000c8 length   153 section .info.
start 00008185 end 00008213 length   142 section .text
start 00008213 end 0000822c length    25 section .text
start 0000822c end 00008312 length   230 section .text
start 00008312 end 00008395 length   131 section .text
start 00008395 end 0000839f length    10 section .text
start 0000839f end 000083ac length    13 section .text
start 000083ac end 000083b7 length    11 section .text
start 000083b7 end 000083eb length    52 section .text
start 000083eb end 0000840b length    32 section .text
start 0000840b end 0000840d length     2 section .text
start 0000840d end 00008491 length   132 section .text
start 00008491 end 000084da length    73 section .text
start 000084da end 0000856f length   149 section .text
start 0000856f end 000085be length    79 section .text

Debug\atommutex.o:
start 00000ca3 end 00001430 length  1933 section .debug
start 000000c8 end 00000160 length   152 section .info.
start 000085be end 000085e1 length    35 section .text
start ******** end ******** length     0 section .text *** removed ***
start 000085e1 end 00008707 length   294 section .text
start 00008707 end 000087c9 length   194 section .text
start 000087c9 end 00008808 length    63 section .text

Debug\atomqueue.o:
start 00001430 end 00001ede length  2734 section .debug
start 00000160 end 000001f8 length   152 section .info.
start ******** end ******** length     0 section .text *** removed ***
start ******** end ******** length     0 section .text *** removed ***
start ******** end ******** length     0 section .text *** removed ***
start ******** end ******** length     0 section .text *** removed ***
start ******** end ******** length     0 section .text *** removed ***
start ******** end ******** length     0 section .text *** removed ***
start ******** end ******** length     0 section .text *** removed ***

Debug\atomsem.o:
start 00001ede end 000026ba length  2012 section .debug
start 000001f8 end 0000028e length   150 section .info.
start ******** end ******** length     0 section .text *** removed ***
start ******** end ******** length     0 section .text *** removed ***
start ******** end ******** length     0 section .text *** removed ***
start ******** end ******** length     0 section .text *** removed ***
start ******** end ******** length     0 section .text *** removed ***
start ******** end ******** length     0 section .text *** removed ***

Debug\atomtimer.o:
start 00000107 end 0000010d length     6 section .data
start 000026ba end 00002e84 length  1994 section .debug
start 0000028e end 00000326 length   152 section .info.
start 00008808 end 00008857 length    79 section .text
start 00008857 end 000088bb length   100 section .text
start ******** end ******** length     0 section .text *** removed ***
start ******** end ******** length     0 section .text *** removed ***
start 000088bb end 000088cd length    18 section .text
start 000088cd end 00008944 length   119 section .text
start 00008944 end 0000899f length    91 section .text
start 0000899f end 000089c4 length    37 section .text

Debug\lcd.o:
start 00002e84 end 00003137 length   691 section .debug
start 00000326 end 000003b8 length   146 section .info.
start ******** end ******** length     0 section .text *** removed ***
start ******** end ******** length     0 section .text *** removed ***
start ******** end ******** length     0 section .text *** removed ***
start ******** end ******** length     0 section .text *** removed ***
start ******** end ******** length     0 section .text *** removed ***
start ******** end ******** length     0 section .text *** removed ***

Debug\stm8s_adc1.o:
start 00003137 end 00004667 length  5424 section .debug
start 000003b8 end 00000451 length   153 section .info.
start 000089c4 end 000089f5 length    49 section .text
start 000089f5 end 00008a1f length    42 section .text
start 00008a1f end 00008a2d length    14 section .text
start 00008a2d end 00008a3b length    14 section .text
start ******** end ******** length     0 section .text *** removed ***
start 00008a3b end 00008a54 length    25 section .text
start 00008a54 end 00008a67 length    19 section .text
start 00008a67 end 00008af5 length   142 section .text
start 00008af5 end 00008b23 length    46 section .text
start 00008b23 end 00008b44 length    33 section .text
start 00008b44 end 00008b49 length     5 section .text
start ******** end ******** length     0 section .text *** removed ***
start ******** end ******** length     0 section .text *** removed ***
start ******** end ******** length     0 section .text *** removed ***
start ******** end ******** length     0 section .text *** removed ***
start 00008b49 end 00008ba2 length    89 section .text
start ******** end ******** length     0 section .text *** removed ***
start ******** end ******** length     0 section .text *** removed ***
start ******** end ******** length     0 section .text *** removed ***
start ******** end ******** length     0 section .text *** removed ***
start ******** end ******** length     0 section .text *** removed ***

Debug\stm8s_clk.o:
start 00004667 end 00005e44 length  6109 section .debug
start 00000451 end 000004e9 length   152 section .info.
start 00008080 end 0000808c length    12 section .const
start ******** end ******** length     0 section .text *** removed ***
start ******** end ******** length     0 section .text *** removed ***
start ******** end ******** length     0 section .text *** removed ***
start ******** end ******** length     0 section .text *** removed ***
start ******** end ******** length     0 section .text *** removed ***
start ******** end ******** length     0 section .text *** removed ***
start ******** end ******** length     0 section .text *** removed ***
start ******** end ******** length     0 section .text *** removed ***
start ******** end ******** length     0 section .text *** removed ***
start ******** end ******** length     0 section .text *** removed ***
start 00008ba2 end 00008bb5 length    19 section .text
start ******** end ******** length     0 section .text *** removed ***
start ******** end ******** length     0 section .text *** removed ***
start ******** end ******** length     0 section .text *** removed ***
start ******** end ******** length     0 section .text *** removed ***
start ******** end ******** length     0 section .text *** removed ***
start ******** end ******** length     0 section .text *** removed ***
start ******** end ******** length     0 section .text *** removed ***
start 00008bb5 end 00008c29 length   116 section .text
start ******** end ******** length     0 section .text *** removed ***
start ******** end ******** length     0 section .text *** removed ***
start ******** end ******** length     0 section .text *** removed ***
start ******** end ******** length     0 section .text *** removed ***
start ******** end ******** length     0 section .text *** removed ***

Debug\stm8s_uart2.o:
start 00005e44 end 0000671f length  2267 section .debug
start 000004e9 end 00000583 length   154 section .info.
start 00008c29 end 00008c52 length    41 section .text
start 0000808c end 00008090 length     4 section .const
start 00008c52 end 00008d8e length   316 section .text
start ******** end ******** length     0 section .text *** removed ***
start 00008d8e end 00008d92 length     4 section .text
start 00008d92 end 00008df4 length    98 section .text

Debug\stm8s_gpio.o:
start 0000671f end 00006e97 length  1912 section .debug
start 00000583 end 0000061c length   153 section .info.
start 00008df4 end 00008dfc length     8 section .text
start 00008dfc end 00008e5d length    97 section .text
start ******** end ******** length     0 section .text *** removed ***
start ******** end ******** length     0 section .text *** removed ***
start ******** end ******** length     0 section .text *** removed ***
start 00008e5d end 00008e64 length     7 section .text

Debug\stm8s_tim1.o:
start 00006e97 end 0000732d length  1174 section .debug
start 0000061c end 000006b5 length   153 section .info.
start 00008e64 end 00008efd length   153 section .text
start 00008efd end 00008f21 length    36 section .text
start 00008f21 end 00008f2f length    14 section .text
start 00008f2f end 00008f48 length    25 section .text

Debug\sem1.o:
start ******** end ******** length     0 section .bss *** removed ***
start 0000732d end 00007879 length  1356 section .debug
start 000006b5 end 00000748 length   147 section .info.
start ******** end ******** length     0 section .const *** removed ***
start ******** end ******** length     0 section .text *** removed ***
start ******** end ******** length     0 section .text *** removed ***
start ******** end ******** length     0 section .text *** removed ***

Debug\uart.o:
start 00000124 end 00000129 length     5 section .bss
start 00007879 end 00007cd7 length  1118 section .debug
start 00000748 end 000007db length   147 section .info.
start 00008f48 end 00008f79 length    49 section .text
start 00008f79 end 00008fb1 length    56 section .text
start 00008fb1 end 00008fb5 length     4 section .text

Debug\tests-main.o:
start 00000129 end 000002d4 length   427 section .bss
start 00007cd7 end 00008150 length  1145 section .debug
start 000007db end 00000874 length   153 section .info.
start 00008fb5 end 00008ffc length    71 section .text
start 00008ffc end 0000911d length   289 section .text
start 00008090 end 000080c7 length    55 section .const

Debug\atomport.o:
start 00008150 end 00008615 length  1221 section .debug
start 00000874 end 0000090b length   151 section .info.
start 0000911d end 00009144 length    39 section .text
start 00009144 end 00009172 length    46 section .text
start 00009172 end 00009191 length    31 section .text
start 00009191 end 000091c5 length    52 section .text
start 000091c5 end 00009228 length    99 section .text

Debug\atomport-asm-cosmic.o:
start 00009228 end 00009233 length    11 section .text
start 00008615 end 000086a5 length   144 section .debug
start 0000090b end 0000094f length    68 section .info.

(C:\Programmi\COSMIC\CXSTM8_32K\Lib\libisl0.sm8)memcpy0.o:
start ******** end ******** length     0 section .text *** removed ***
start 0000094f end 0000097d length    46 section .info.

(C:\Programmi\COSMIC\CXSTM8_32K\Lib\libisl0.sm8)printf.o:
start 00009233 end 00009243 length    16 section .text
start 0000097d end 000009f1 length   116 section .info.

(C:\Programmi\COSMIC\CXSTM8_32K\Lib\libisl0.sm8)cprint.o:
start 00009243 end 0000976f length  1324 section .text
start 000009f1 end 00000a65 length   116 section .info.
start 000080c7 end 00008100 length    57 section .const

(C:\Programmi\COSMIC\CXSTM8_32K\Lib\libisl0.sm8)itob.o:
start 0000976f end 0000987f length   272 section .text
start 00000a65 end 00000ad7 length   114 section .info.
start 00008100 end 00008125 length    37 section .const

(C:\Programmi\COSMIC\CXSTM8_32K\Lib\libisl0.sm8)idiv0.o:
start 0000987f end 0000988a length    11 section .text
start 00000ad7 end 00000b03 length    44 section .info.

(C:\Programmi\COSMIC\CXSTM8_32K\Lib\libisl0.sm8)ildiv0.o:
start 0000988a end 000098a5 length    27 section .text
start 00000b03 end 00000b30 length    45 section .info.

(C:\Programmi\COSMIC\CXSTM8_32K\Lib\libisl0.sm8)strlen0.o:
start 000098a5 end 000098b1 length    12 section .text
start 00000b30 end 00000b5e length    46 section .info.

(C:\Programmi\COSMIC\CXSTM8_32K\Lib\libisl0.sm8)toup0.o:
start 000098b1 end 000098bc length    11 section .text
start 00000b5e end 00000b8a length    44 section .info.

(C:\Programmi\COSMIC\CXSTM8_32K\Lib\libm0.sm8)ldiv.o:
start 000098bc end 000099a7 length   235 section .text
start 00000b8a end 00000bb8 length    46 section .info.

(C:\Programmi\COSMIC\CXSTM8_32K\Lib\libm0.sm8)imul.o:
start 000099a7 end 000099c8 length    33 section .text
start 00000bb8 end 00000be6 length    46 section .info.

(C:\Programmi\COSMIC\CXSTM8_32K\Lib\libm0.sm8)itolx.o:
start 000099c8 end 000099d6 length    14 section .text
start 00000be6 end 00000c15 length    47 section .info.

(C:\Programmi\COSMIC\CXSTM8_32K\Lib\libm0.sm8)lcmp.o:
start 000099d6 end 000099f6 length    32 section .text
start 00000c15 end 00000c43 length    46 section .info.

(C:\Programmi\COSMIC\CXSTM8_32K\Lib\libm0.sm8)lgadc.o:
start 000099f6 end 00009a06 length    16 section .text
start 00000c43 end 00000c72 length    47 section .info.

(C:\Programmi\COSMIC\CXSTM8_32K\Lib\libm0.sm8)lgadd.o:
start ******** end ******** length     0 section .text *** removed ***
start 00000c72 end 00000ca1 length    47 section .info.

(C:\Programmi\COSMIC\CXSTM8_32K\Lib\libm0.sm8)lgneg.o:
start 00009a06 end 00009a19 length    19 section .text
start 00000ca1 end 00000cd0 length    47 section .info.

(C:\Programmi\COSMIC\CXSTM8_32K\Lib\libm0.sm8)lgsbc.o:
start 00009a19 end 00009a2f length    22 section .text
start 00000cd0 end 00000cff length    47 section .info.

(C:\Programmi\COSMIC\CXSTM8_32K\Lib\libm0.sm8)llsh.o:
start 00009a2f end 00009a3e length    15 section .text
start 00000cff end 00000d2d length    46 section .info.

(C:\Programmi\COSMIC\CXSTM8_32K\Lib\libm0.sm8)lmul.o:
start ******** end ******** length     0 section .text *** removed ***
start 00000d2d end 00000d5b length    46 section .info.

(C:\Programmi\COSMIC\CXSTM8_32K\Lib\libm0.sm8)lneg.o:
start 00009a3e end 00009a53 length    21 section .text
start 00000d5b end 00000d89 length    46 section .info.

(C:\Programmi\COSMIC\CXSTM8_32K\Lib\libm0.sm8)lreg.o:
start 00000000 end 00000004 length     4 section .ubsct
start 00000d89 end 00000db7 length    46 section .info.

(C:\Programmi\COSMIC\CXSTM8_32K\Lib\libm0.sm8)lsub.o:
start 00009a53 end 00009a6b length    24 section .text
start 00000db7 end 00000de5 length    46 section .info.

(C:\Programmi\COSMIC\CXSTM8_32K\Lib\libm0.sm8)ltor.o:
start 00009a6b end 00009a7d length    18 section .text
start 00000de5 end 00000e13 length    46 section .info.

(C:\Programmi\COSMIC\CXSTM8_32K\Lib\libm0.sm8)ludiv.o:
start 00009a7d end 00009a91 length    20 section .text
start 00000e13 end 00000e42 length    47 section .info.

(C:\Programmi\COSMIC\CXSTM8_32K\Lib\libm0.sm8)lursh.o:
start 00009a91 end 00009aa0 length    15 section .text
start 00000e42 end 00000e71 length    47 section .info.

(C:\Programmi\COSMIC\CXSTM8_32K\Lib\libm0.sm8)lzmp.o:
start 00009aa0 end 00009ab3 length    19 section .text
start 00000e71 end 00000e9f length    46 section .info.

(C:\Programmi\COSMIC\CXSTM8_32K\Lib\libm0.sm8)rtol.o:
start 00009ab3 end 00009ac5 length    18 section .text
start 00000e9f end 00000ecd length    46 section .info.

(C:\Programmi\COSMIC\CXSTM8_32K\Lib\libm0.sm8)smul.o:
start 00009ac5 end 00009b04 length    63 section .text
start 00000ecd end 00000efb length    46 section .info.

(C:\Programmi\COSMIC\CXSTM8_32K\Lib\libm0.sm8)xreg.o:
start 00000004 end 00000007 length     3 section .ubsct
start 00000efb end 00000f29 length    46 section .info.

(C:\Programmi\COSMIC\CXSTM8_32K\Lib\libm0.sm8)yreg.o:
start 00000007 end 0000000a length     3 section .ubsct
start 00000f29 end 00000f57 length    46 section .info.

Debug\stm8_interrupt_vector.o:
start 000086a5 end 00008810 length   363 section .debug
start 00000f57 end 00000ffb length   164 section .info.
start 00009b04 end 00009b05 length     1 section .text
start 00008000 end 00008080 length   128 section .const


                             -----------
                             Stack usage
                             -----------

Debug\atomkernel.o:
L11_atomThreadSwitch              6   (6)
L31_atomIdleThread                6   (6)
_atomCurrentContext               2   (2)
_atomIntEnter                     2   (2)
_atomIntExit                     19   (2)
_atomOSInit                      47   (9)
_atomOSStart                     11   (4)
_atomSched                       17   (6)
_atomThreadCreate                38   (21)
_atomThreadStackCheck            20   (17)
_tcbDequeueEntry                 12   (12)
_tcbDequeueHead                   6   (6)
_tcbDequeuePriority               7   (7)
_tcbEnqueuePriority              11   (11)

Debug\atommutex.o:
L3_atomMutexTimerCallback        17   (5)
_atomMutexCreate                  5   (5)
_atomMutexGet                    43   (26)
_atomMutexPut                    25   (8)

Debug\atomport.o:
L3_thread_shell                 144   (4) *** Recursive *** *** pointer() ***
_archInitSystemTickTimer         10   (2)
_archThreadContextInit           14   (14)
f_ADC1_ISR                   >   35   (16)
f_TIM1_SystemTickISR         >  167   (15) *** Recursive ***

Debug\atomtimer.o:
L11_atomTimerDelayCallback       16   (5)
L7_atomTimerCallbacks           150   (6) *** Recursive *** *** pointer() ***
_atomTimerCancel                 10   (10)
_atomTimerDelay                  39   (22)
_atomTimerRegister                8   (6)
_atomTimerTick                  152   (2) *** Recursive ***

Debug\stm8_interrupt_vector.o:
f_NonHandledInterrupt        >    5   (5)

Debug\stm8s_adc1.o:
_ADC1_Cmd                         2   (2)
_ADC1_ConversionConfig            5   (5)
_ADC1_DeInit                      2   (2)
_ADC1_ExternalTriggerConfig       4   (4)
_ADC1_GetBufferValue              8   (8)
_ADC1_ITConfig                    5   (5)
_ADC1_Init                       15   (10)
_ADC1_PrescalerConfig             3   (3)
_ADC1_ScanModeCmd                 2   (2)
_ADC1_SchmittTriggerConfig        4   (4)
_ADC1_StartConversion             2   (2)

Debug\stm8s_clk.o:
_CLK_GetClockFreq                25   (11)
_CLK_HSIPrescalerConfig           3   (3)

Debug\stm8s_gpio.o:
_GPIO_DeInit                      2   (2)
_GPIO_Init                        6   (6)
_GPIO_WriteReverse                5   (5)

Debug\stm8s_tim1.o:
_TIM1_Cmd                         2   (2)
_TIM1_DeInit                      2   (2)
_TIM1_ITConfig                    4   (4)
_TIM1_TimeBaseInit                8   (8)

Debug\stm8s_uart2.o:
_UART2_DeInit                     3   (3)
_UART2_GetFlagStatus              5   (5)
_UART2_Init                      50   (25)
_UART2_SendData8                  2   (2)

Debug\tests-main.o:
L11_main_thread_func            140   (20) *** Recursive ***
_main                        >   50   (3)

Debug\uart.o:
_putchar                         53   (2) *** Recursive ***
_uart_init                       58   (8)
_uart_putchar                    51   (3) *** Recursive ***

C:\Programmi\COSMIC\CXSTM8_32K\Lib\libisl0.sm8:
L11__cvtup                        8   (6)
L31__putbuf                      57   (9) *** Recursive ***
L7__gnum                         19   (16)
__print                         108   (51) *** Recursive ***
__udiv                            4   (4)
__uldiv                           6   (6)
__itob                           19   (15)
__ltob                           23   (17)
_printf                         120   (12) *** Recursive ***
_strlen                           2   (2)
_toupper                          2   (2)

Stack size: 217


                              ---------
                              Call tree
                              ---------
   1 > __stext: (0)

   2 > _main: (3)
   3      + _archInitSystemTickTimer: (2)
   4      |    + _TIM1_Cmd: (2)
   5      |    + _TIM1_DeInit: (2)
   6      |    + _TIM1_ITConfig: (4)
   7      |    + _TIM1_TimeBaseInit: (8)
          | 
   8      + _atomOSInit: (9)
   9      |    + _atomThreadCreate: (21)
  10      |    |    + _archThreadContextInit: (14)
  11      |    |    + _atomCurrentContext: (2)
  12      |    |    + _atomSched: (6)
  13      |    |    |    + L11_atomThreadSwitch: (6)
  14      |    |    |    + _tcbDequeueHead: (6)
  15      |    |    |    + _tcbDequeuePriority: (7)
  16      |    |    |    + _tcbEnqueuePriority: (11)
          |    |    | 
  17      |    |    + _tcbEnqueuePriority --> 16
          |    | 
          | 
  18      + _atomOSStart: (4)
  19      |    + _tcbDequeuePriority --> 15
          | 
  20      + _atomThreadCreate --> 9
       
  21 > f_ADC1_ISR: (16)
  22      + _ADC1_GetBufferValue: (8)
  23      + _ADC1_StartConversion: (2)
  24      + _atomIntEnter: (2)
  25      + _atomIntExit: (2)
  26      |    + _atomSched --> 12
          | 
       
  27 > f_NonHandledInterrupt: (5)

  28 > f_TIM1_SystemTickISR: (15)
  29      + _atomIntEnter --> 24
  30      + _atomIntExit --> 25
  31      + _atomTimerTick: (2)
  32      |    + L7_atomTimerCallbacks: (6)
  33      |    |    + (L11_atomTimerDelayCallback) ...
  34      |    |    + (L11_main_thread_func) ...
  35      |    |    + (L31_atomIdleThread) ...
  36      |    |    + (L3_atomMutexTimerCallback) ...
  37      |    |    + (L3_thread_shell) ...
          |    | 
          | 
       
  38   L11__cvtup: (6)
  39      + _toupper: (2)
       
  40   L11_atomThreadSwitch --> 13

  41   L11_atomTimerDelayCallback: (5)
  42      + _tcbEnqueuePriority --> 16
       
  43   L11_main_thread_func: (20)
  44      + _ADC1_Cmd: (2)
  45      + _ADC1_DeInit: (2)
  46      + _ADC1_ITConfig: (5)
  47      + _ADC1_Init: (10)
  48      |    + _ADC1_ConversionConfig: (5)
  49      |    + _ADC1_ExternalTriggerConfig: (4)
  50      |    + _ADC1_PrescalerConfig: (3)
  51      |    + _ADC1_SchmittTriggerConfig: (4)
          | 
  52      + _ADC1_ScanModeCmd: (2)
  53      + _ADC1_StartConversion --> 23
  54      + _CLK_HSIPrescalerConfig: (3)
  55      + _GPIO_DeInit: (2)
  56      + _GPIO_Init: (6)
  57      + _GPIO_WriteReverse: (5)
  58      + _atomThreadStackCheck: (17)
  59      + _atomTimerDelay: (22)
  60      |    + _atomCurrentContext --> 11
  61      |    + _atomSched --> 12
  62      |    + _atomTimerRegister: (6)
          | 
  63      + _printf: (12)
  64      |    + __print: (51)
  65      |    |    + L11__cvtup --> 38
  66      |    |    + L31__putbuf: (9)
  67      |    |    |    + _putchar: (2)
  68      |    |    |    |    + _uart_putchar: (3)
  69      |    |    |    |    |    + _UART2_GetFlagStatus: (5)
  70      |    |    |    |    |    + _UART2_SendData8: (2)
  71      |    |    |    |    |    + _atomMutexGet: (26)
  72      |    |    |    |    |    |    + _atomCurrentContext --> 11
  73      |    |    |    |    |    |    + _atomSched --> 12
  74      |    |    |    |    |    |    + _atomTimerRegister --> 62
  75      |    |    |    |    |    |    + _tcbDequeueEntry: (12)
  76      |    |    |    |    |    |    + _tcbEnqueuePriority --> 16
          |    |    |    |    |    | 
  77      |    |    |    |    |    + _atomMutexPut: (8)
  78      |    |    |    |    |    |    + _atomCurrentContext --> 11
  79      |    |    |    |    |    |    + _atomSched --> 12
  80      |    |    |    |    |    |    + _atomTimerCancel: (10)
  81      |    |    |    |    |    |    + _tcbDequeueHead --> 14
  82      |    |    |    |    |    |    + _tcbEnqueuePriority --> 16
          |    |    |    |    |    | 
  83      |    |    |    |    |    + _putchar --> 67
          |    |    |    |    | 
          |    |    |    | 
          |    |    | 
  84      |    |    + L7__gnum: (16)
  85      |    |    + __itob: (15)
  86      |    |    |    + __udiv: (4)
          |    |    | 
  87      |    |    + __ltob: (17)
  88      |    |    |    + __uldiv: (6)
          |    |    | 
  89      |    |    + _strlen: (2)
          |    | 
          | 
  90      + _uart_init: (8)
  91      |    + _UART2_DeInit: (3)
  92      |    + _UART2_Init: (25)
  93      |    |    + _CLK_GetClockFreq: (11)
          |    | 
  94      |    + _atomMutexCreate: (5)
          | 
       
  95   L31__putbuf --> 66

  96   L31_atomIdleThread: (6)

  97   L3_atomMutexTimerCallback: (5)
  98      + _tcbDequeueEntry --> 75
  99      + _tcbEnqueuePriority --> 16
       
 100   L3_thread_shell: (4)
 101      + (L11_atomTimerDelayCallback) --> 41
 102      + (L11_main_thread_func) --> 43
 103      + (L31_atomIdleThread) --> 96
 104      + (L3_atomMutexTimerCallback) --> 97
 105      + (L3_thread_shell) --> 100
 106      + _atomCurrentContext --> 11
       
 107   L7__gnum --> 84

 108   L7_atomTimerCallbacks --> 32

 109   _ADC1_Cmd --> 44

 110   _ADC1_ConversionConfig --> 48

 111   _ADC1_DeInit --> 45

 112   _ADC1_ExternalTriggerConfig --> 49

 113   _ADC1_GetBufferValue --> 22

 114   _ADC1_ITConfig --> 46

 115   _ADC1_Init --> 47

 116   _ADC1_PrescalerConfig --> 50

 117   _ADC1_ScanModeCmd --> 52

 118   _ADC1_SchmittTriggerConfig --> 51

 119   _ADC1_StartConversion --> 23

 120   _CLK_GetClockFreq --> 93

 121   _CLK_HSIPrescalerConfig --> 54

 122   _GPIO_DeInit --> 55

 123   _GPIO_Init --> 56

 124   _GPIO_WriteReverse --> 57

 125   _TIM1_Cmd --> 4

 126   _TIM1_DeInit --> 5

 127   _TIM1_ITConfig --> 6

 128   _TIM1_TimeBaseInit --> 7

 129   _UART2_DeInit --> 91

 130   _UART2_GetFlagStatus --> 69

 131   _UART2_Init --> 92

 132   _UART2_SendData8 --> 70

 133   __itob --> 85

 134   __ltob --> 87

 135   __print --> 64

 136   __udiv --> 86

 137   __uldiv --> 88

 138   _archInitSystemTickTimer --> 3

 139   _archThreadContextInit --> 10

 140   _atomCurrentContext --> 11

 141   _atomIntEnter --> 24

 142   _atomIntExit --> 25

 143   _atomMutexCreate --> 94

 144   _atomMutexGet --> 71

 145   _atomMutexPut --> 77

 146   _atomOSInit --> 8

 147   _atomOSStart --> 18

 148   _atomSched --> 12

 149   _atomThreadCreate --> 9

 150   _atomThreadStackCheck --> 58

 151   _atomTimerCancel --> 80

 152   _atomTimerDelay --> 59

 153   _atomTimerRegister --> 62

 154   _atomTimerTick --> 31

 155   _printf --> 63

 156   _putchar --> 67

 157   _strlen --> 89

 158   _tcbDequeueEntry --> 75

 159   _tcbDequeueHead --> 14

 160   _tcbDequeuePriority --> 15

 161   _tcbEnqueuePriority --> 16

 162   _toupper --> 39

 163   _uart_init --> 90

 164   _uart_putchar --> 68



                               -------
                               Symbols
                               -------

_ADC1_AWDChannelConfig           ********   *** removed from Debug\stm8s_adc1.o ***
_ADC1_ClearFlag                  ********   *** removed from Debug\stm8s_adc1.o ***
_ADC1_ClearITPendingBit          ********   *** removed from Debug\stm8s_adc1.o ***
_ADC1_Cmd                        00008a1f   defined in Debug\stm8s_adc1.o section .text
                                            used in Debug\tests-main.o
_ADC1_ConversionConfig           00008af5   defined in Debug\stm8s_adc1.o section .text
_ADC1_DataBufferCmd              ********   *** removed from Debug\stm8s_adc1.o ***
_ADC1_DeInit                     000089c4   defined in Debug\stm8s_adc1.o section .text
                                            used in Debug\tests-main.o
_ADC1_ExternalTriggerConfig      00008b23   defined in Debug\stm8s_adc1.o section .text
_ADC1_GetAWDChannelStatus        ********   *** removed from Debug\stm8s_adc1.o ***
_ADC1_GetBufferValue             00008b49   defined in Debug\stm8s_adc1.o section .text
                                            used in Debug\atomport.o
_ADC1_GetConversionValue         ********   *** removed from Debug\stm8s_adc1.o ***
_ADC1_GetFlagStatus              ********   *** removed from Debug\stm8s_adc1.o ***
_ADC1_GetITStatus                ********   *** removed from Debug\stm8s_adc1.o ***
_ADC1_ITConfig                   00008a3b   defined in Debug\stm8s_adc1.o section .text
                                            used in Debug\tests-main.o
_ADC1_Init                       000089f5   defined in Debug\stm8s_adc1.o section .text
                                            used in Debug\tests-main.o
_ADC1_PrescalerConfig            00008a54   defined in Debug\stm8s_adc1.o section .text
_ADC1_ScanModeCmd                00008a2d   defined in Debug\stm8s_adc1.o section .text
                                            used in Debug\tests-main.o
_ADC1_SchmittTriggerConfig       00008a67   defined in Debug\stm8s_adc1.o section .text
_ADC1_SetHighThreshold           ********   *** removed from Debug\stm8s_adc1.o ***
_ADC1_SetLowThreshold            ********   *** removed from Debug\stm8s_adc1.o ***
_ADC1_StartConversion            00008b44   defined in Debug\stm8s_adc1.o section .text
                                            used in Debug\tests-main.o
                                                    Debug\atomport.o
_CLKPrescTable                   00008084   defined in Debug\stm8s_clk.o section .const
_CLK_AdjustHSICalibrationValue   ********   *** removed from Debug\stm8s_clk.o ***
_CLK_CANConfig                   ********   *** removed from Debug\stm8s_clk.o ***
_CLK_CCOCmd                      ********   *** removed from Debug\stm8s_clk.o ***
_CLK_CCOConfig                   ********   *** removed from Debug\stm8s_clk.o ***
_CLK_ClearITPendingBit           ********   *** removed from Debug\stm8s_clk.o ***
_CLK_ClockSecuritySystemEnable   ********   *** removed from Debug\stm8s_clk.o ***
_CLK_ClockSwitchCmd              ********   *** removed from Debug\stm8s_clk.o ***
_CLK_ClockSwitchConfig           ********   *** removed from Debug\stm8s_clk.o ***
_CLK_DeInit                      ********   *** removed from Debug\stm8s_clk.o ***
_CLK_FastHaltWakeUpCmd           ********   *** removed from Debug\stm8s_clk.o ***
_CLK_GetClockFreq                00008bb5   defined in Debug\stm8s_clk.o section .text
                                            used in Debug\stm8s_uart2.o
_CLK_GetFlagStatus               ********   *** removed from Debug\stm8s_clk.o ***
_CLK_GetITStatus                 ********   *** removed from Debug\stm8s_clk.o ***
_CLK_GetSYSCLKSource             ********   *** removed from Debug\stm8s_clk.o ***
_CLK_HSECmd                      ********   *** removed from Debug\stm8s_clk.o ***
_CLK_HSICmd                      ********   *** removed from Debug\stm8s_clk.o ***
_CLK_HSIPrescalerConfig          00008ba2   defined in Debug\stm8s_clk.o section .text
                                            used in Debug\tests-main.o
_CLK_ITConfig                    ********   *** removed from Debug\stm8s_clk.o ***
_CLK_LSICmd                      ********   *** removed from Debug\stm8s_clk.o ***
_CLK_PeripheralClockConfig       ********   *** removed from Debug\stm8s_clk.o ***
_CLK_SWIMConfig                  ********   *** removed from Debug\stm8s_clk.o ***
_CLK_SYSCLKConfig                ********   *** removed from Debug\stm8s_clk.o ***
_CLK_SYSCLKEmergencyClear        ********   *** removed from Debug\stm8s_clk.o ***
_CLK_SlowActiveHaltWakeUpCmd     ********   *** removed from Debug\stm8s_clk.o ***
_Conversion_Values               00000129   defined in Debug\tests-main.o section .bss
                                            used in Debug\atomport.o
_DelayMS                         ********   *** removed from Debug\lcd.o ***
_GPIO_DeInit                     00008df4   defined in Debug\stm8s_gpio.o section .text
                                            used in Debug\lcd.o
                                                    Debug\tests-main.o
_GPIO_Init                       00008dfc   defined in Debug\stm8s_gpio.o section .text
                                            used in Debug\lcd.o
                                                    Debug\tests-main.o
_GPIO_Write                      ********   *** removed from Debug\stm8s_gpio.o ***
_GPIO_WriteHigh                  ********   *** removed from Debug\stm8s_gpio.o ***
_GPIO_WriteLow                   ********   *** removed from Debug\stm8s_gpio.o ***
_GPIO_WriteReverse               00008e5d   defined in Debug\stm8s_gpio.o section .text
                                            used in Debug\tests-main.o
_HSIDivFactor                    00008080   defined in Debug\stm8s_clk.o section .const
_LCD_DATA                        ********   *** removed from Debug\lcd.o ***
_LCD_LINE                        ********   *** removed from Debug\lcd.o ***
_LCD_NYB                         ********   *** removed from Debug\lcd.o ***
_LCD_STR                         ********   *** removed from Debug\lcd.o ***
_TIM1_Cmd                        00008f21   defined in Debug\stm8s_tim1.o section .text
                                            used in Debug\atomport.o
_TIM1_DeInit                     00008e64   defined in Debug\stm8s_tim1.o section .text
                                            used in Debug\atomport.o
_TIM1_ITConfig                   00008f2f   defined in Debug\stm8s_tim1.o section .text
                                            used in Debug\atomport.o
_TIM1_TimeBaseInit               00008efd   defined in Debug\stm8s_tim1.o section .text
                                            used in Debug\atomport.o
_UART2_DeInit                    00008c29   defined in Debug\stm8s_uart2.o section .text
                                            used in Debug\uart.o
_UART2_GetFlagStatus             00008d92   defined in Debug\stm8s_uart2.o section .text
                                            used in Debug\uart.o
_UART2_Init                      00008c52   defined in Debug\stm8s_uart2.o section .text
                                            used in Debug\uart.o
_UART2_ReceiveData8              ********   *** removed from Debug\stm8s_uart2.o ***
_UART2_SendData8                 00008d8e   defined in Debug\stm8s_uart2.o section .text
                                            used in Debug\uart.o
__endmem                         000005ff   defined in command file
                                            *** not used ***
__endzp                          0000000a   defined in command file section .ubsct
                                            used in C:\Programmi\COSMIC\CXSTM8_32K\Lib\crtsi0.sm8
__idesc__                        00008125   defined in linker section .init
                                            used in C:\Programmi\COSMIC\CXSTM8_32K\Lib\crtsi0.sm8
__itob                           0000976f   defined in (C:\Programmi\COSMIC\CXSTM8_32K\Lib\libisl0.sm8)itob.o section .text
                                            used in (C:\Programmi\COSMIC\CXSTM8_32K\Lib\libisl0.sm8)cprint.o
__ltob                           000097e9   defined in (C:\Programmi\COSMIC\CXSTM8_32K\Lib\libisl0.sm8)itob.o section .text
                                            used in (C:\Programmi\COSMIC\CXSTM8_32K\Lib\libisl0.sm8)cprint.o
__memory                         000002d4   defined in command file section .bss
                                            used in C:\Programmi\COSMIC\CXSTM8_32K\Lib\crtsi0.sm8
__print                          0000933c   defined in (C:\Programmi\COSMIC\CXSTM8_32K\Lib\libisl0.sm8)cprint.o section .text
                                            used in (C:\Programmi\COSMIC\CXSTM8_32K\Lib\libisl0.sm8)printf.o
__stack                          000007ff   defined in command file
                                            used in C:\Programmi\COSMIC\CXSTM8_32K\Lib\crtsi0.sm8
__startmem                       000002d4   defined in command file section .bss
                                            *** not used ***
__stext                          0000813a   defined in C:\Programmi\COSMIC\CXSTM8_32K\Lib\crtsi0.sm8 section .text
                                            used in Debug\stm8_interrupt_vector.o
__udiv                           0000987f   defined in (C:\Programmi\COSMIC\CXSTM8_32K\Lib\libisl0.sm8)idiv0.o section .text
                                            used in (C:\Programmi\COSMIC\CXSTM8_32K\Lib\libisl0.sm8)itob.o
__uldiv                          0000988a   defined in (C:\Programmi\COSMIC\CXSTM8_32K\Lib\libisl0.sm8)ildiv0.o section .text
                                            used in (C:\Programmi\COSMIC\CXSTM8_32K\Lib\libisl0.sm8)itob.o
__vectab                         00008000   defined in Debug\stm8_interrupt_vector.o section .const
_archContextSwitch               00009228   defined in Debug\atomport-asm-cosmic.o section .text
                                            used in Debug\atomkernel.o
_archFirstThreadRestore          00009230   defined in Debug\atomport-asm-cosmic.o section .text
                                            used in Debug\atomkernel.o
_archInitSystemTickTimer         00009172   defined in Debug\atomport.o section .text
                                            used in Debug\tests-main.o
_archThreadContextInit           00009144   defined in Debug\atomport.o section .text
                                            used in Debug\atomkernel.o
_atomCurrentContext              000083ac   defined in Debug\atomkernel.o section .text
                                            used in Debug\atommutex.o
                                                    Debug\atomqueue.o
                                                    Debug\atomsem.o
                                                    Debug\atomtimer.o
                                                    Debug\atomport.o
_atomIntEnter                    00008395   defined in Debug\atomkernel.o section .text
                                            used in Debug\atomport.o
_atomIntExit                     0000839f   defined in Debug\atomkernel.o section .text
                                            used in Debug\atomport.o
_atomMutexCreate                 000085be   defined in Debug\atommutex.o section .text
                                            used in Debug\uart.o
_atomMutexDelete                 ********   *** removed from Debug\atommutex.o ***
_atomMutexGet                    000085e1   defined in Debug\atommutex.o section .text
                                            used in Debug\uart.o
_atomMutexPut                    00008707   defined in Debug\atommutex.o section .text
                                            used in Debug\uart.o
_atomOSInit                      000083b7   defined in Debug\atomkernel.o section .text
                                            used in Debug\tests-main.o
_atomOSStart                     000083eb   defined in Debug\atomkernel.o section .text
                                            used in Debug\tests-main.o
_atomOSStarted                   00000102   defined in Debug\atomkernel.o section .data, initialized
                                            used in Debug\atomtimer.o
_atomQueueCreate                 ********   *** removed from Debug\atomqueue.o ***
_atomQueueDelete                 ********   *** removed from Debug\atomqueue.o ***
_atomQueueGet                    ********   *** removed from Debug\atomqueue.o ***
_atomQueuePut                    ********   *** removed from Debug\atomqueue.o ***
_atomSched                       00008185   defined in Debug\atomkernel.o section .text
                                            used in Debug\atommutex.o
                                                    Debug\atomqueue.o
                                                    Debug\atomsem.o
                                                    Debug\atomtimer.o
_atomSemCreate                   ********   *** removed from Debug\atomsem.o ***
_atomSemDelete                   ********   *** removed from Debug\atomsem.o ***
_atomSemGet                      ********   *** removed from Debug\atomsem.o ***
_atomSemPut                      ********   *** removed from Debug\atomsem.o ***
_atomSemResetCount               ********   *** removed from Debug\atomsem.o ***
_atomThreadCreate                0000822c   defined in Debug\atomkernel.o section .text
                                            used in Debug\sem1.o
                                                    Debug\tests-main.o
_atomThreadStackCheck            00008312   defined in Debug\atomkernel.o section .text
                                            used in Debug\sem1.o
                                                    Debug\tests-main.o
_atomTimeGet                     ********   *** removed from Debug\atomtimer.o ***
_atomTimeSet                     ********   *** removed from Debug\atomtimer.o ***
_atomTimerCancel                 00008857   defined in Debug\atomtimer.o section .text
                                            used in Debug\atommutex.o
                                                    Debug\atomqueue.o
                                                    Debug\atomsem.o
_atomTimerDelay                  000088cd   defined in Debug\atomtimer.o section .text
                                            used in Debug\sem1.o
                                                    Debug\tests-main.o
_atomTimerRegister               00008808   defined in Debug\atomtimer.o section .text
                                            used in Debug\atommutex.o
                                                    Debug\atomqueue.o
                                                    Debug\atomsem.o
_atomTimerTick                   000088bb   defined in Debug\atomtimer.o section .text
                                            used in Debug\atomport.o
_exit                            00008183   defined in C:\Programmi\COSMIC\CXSTM8_32K\Lib\crtsi0.sm8 section .text
_initLCD                         ********   *** removed from Debug\lcd.o ***
_main                            00008fb5   defined in Debug\tests-main.o section .text
                                            used in C:\Programmi\COSMIC\CXSTM8_32K\Lib\crtsi0.sm8
_memcpy                          ********   *** removed from (C:\Programmi\COSMIC\CXSTM8_32K\Lib\libisl0.sm8)memcpy0.o ***
_printf                          00009233   defined in (C:\Programmi\COSMIC\CXSTM8_32K\Lib\libisl0.sm8)printf.o section .text
                                            used in Debug\sem1.o
                                                    Debug\tests-main.o
_putchar                         00008fb1   defined in Debug\uart.o section .text
                                            used in (C:\Programmi\COSMIC\CXSTM8_32K\Lib\libisl0.sm8)cprint.o
_strlen                          000098a5   defined in (C:\Programmi\COSMIC\CXSTM8_32K\Lib\libisl0.sm8)strlen0.o section .text
                                            used in (C:\Programmi\COSMIC\CXSTM8_32K\Lib\libisl0.sm8)cprint.o
_tcbDequeueEntry                 000084da   defined in Debug\atomkernel.o section .text
                                            used in Debug\atommutex.o
                                                    Debug\atomqueue.o
                                                    Debug\atomsem.o
_tcbDequeueHead                  00008491   defined in Debug\atomkernel.o section .text
                                            used in Debug\atommutex.o
                                                    Debug\atomqueue.o
                                                    Debug\atomsem.o
_tcbDequeuePriority              0000856f   defined in Debug\atomkernel.o section .text
_tcbEnqueuePriority              0000840d   defined in Debug\atomkernel.o section .text
                                            used in Debug\atommutex.o
                                                    Debug\atomqueue.o
                                                    Debug\atomsem.o
                                                    Debug\atomtimer.o
_tcbReadyQ                       00000100   defined in Debug\atomkernel.o section .data, initialized
                                            used in Debug\atommutex.o
                                                    Debug\atomqueue.o
                                                    Debug\atomsem.o
                                                    Debug\atomtimer.o
_test_start                      ********   *** removed from Debug\sem1.o ***
_toupper                         000098b1   defined in (C:\Programmi\COSMIC\CXSTM8_32K\Lib\libisl0.sm8)toup0.o section .text
                                            used in (C:\Programmi\COSMIC\CXSTM8_32K\Lib\libisl0.sm8)cprint.o
_uart_init                       00008f48   defined in Debug\uart.o section .text
                                            used in Debug\tests-main.o
_uart_putchar                    00008f79   defined in Debug\uart.o section .text
c_divsl                          000098bc   defined in (C:\Programmi\COSMIC\CXSTM8_32K\Lib\libm0.sm8)ldiv.o section .text
                                            *** not used ***
c_divul                          000098d3   defined in (C:\Programmi\COSMIC\CXSTM8_32K\Lib\libm0.sm8)ldiv.o section .text
                                            used in (C:\Programmi\COSMIC\CXSTM8_32K\Lib\libisl0.sm8)ildiv0.o
                                                    (C:\Programmi\COSMIC\CXSTM8_32K\Lib\libm0.sm8)ludiv.o
c_imul                           000099a7   defined in (C:\Programmi\COSMIC\CXSTM8_32K\Lib\libm0.sm8)imul.o section .text
                                            used in Debug\sem1.o
                                                    (C:\Programmi\COSMIC\CXSTM8_32K\Lib\libisl0.sm8)cprint.o
c_itolx                          000099c8   defined in (C:\Programmi\COSMIC\CXSTM8_32K\Lib\libm0.sm8)itolx.o section .text
                                            used in Debug\atomkernel.o
                                                    Debug\sem1.o
                                                    Debug\tests-main.o
c_lcmp                           000099d6   defined in (C:\Programmi\COSMIC\CXSTM8_32K\Lib\libm0.sm8)lcmp.o section .text
                                            used in Debug\atomkernel.o
                                                    Debug\atomqueue.o
                                                    Debug\sem1.o
c_lgadc                          000099f6   defined in (C:\Programmi\COSMIC\CXSTM8_32K\Lib\libm0.sm8)lgadc.o section .text
                                            used in Debug\atomqueue.o
                                                    Debug\atomtimer.o
                                                    Debug\sem1.o
                                                    Debug\tests-main.o
c_lgadd                          ********   *** removed from (C:\Programmi\COSMIC\CXSTM8_32K\Lib\libm0.sm8)lgadd.o ***
c_lgneg                          00009a06   defined in (C:\Programmi\COSMIC\CXSTM8_32K\Lib\libm0.sm8)lgneg.o section .text
                                            used in (C:\Programmi\COSMIC\CXSTM8_32K\Lib\libm0.sm8)ldiv.o
c_lgsbc                          00009a19   defined in (C:\Programmi\COSMIC\CXSTM8_32K\Lib\libm0.sm8)lgsbc.o section .text
                                            used in Debug\atomkernel.o
                                                    Debug\atomqueue.o
                                                    Debug\atomtimer.o
c_llsh                           00009a2f   defined in (C:\Programmi\COSMIC\CXSTM8_32K\Lib\libm0.sm8)llsh.o section .text
                                            used in Debug\stm8s_uart2.o
c_lmul                           ********   *** removed from (C:\Programmi\COSMIC\CXSTM8_32K\Lib\libm0.sm8)lmul.o ***
c_lmulc                          ********   *** removed from (C:\Programmi\COSMIC\CXSTM8_32K\Lib\libm0.sm8)lmul.o ***
c_lneg                           00009a3e   defined in (C:\Programmi\COSMIC\CXSTM8_32K\Lib\libm0.sm8)lneg.o section .text
                                            used in (C:\Programmi\COSMIC\CXSTM8_32K\Lib\libisl0.sm8)itob.o
                                                    (C:\Programmi\COSMIC\CXSTM8_32K\Lib\libm0.sm8)ldiv.o
c_lreg                           00000000   defined in (C:\Programmi\COSMIC\CXSTM8_32K\Lib\libm0.sm8)lreg.o section .ubsct
                                            used in Debug\atomqueue.o
                                                    Debug\stm8s_clk.o
                                                    Debug\stm8s_uart2.o
                                                    Debug\tests-main.o
                                                    Debug\atomport.o
                                                    (C:\Programmi\COSMIC\CXSTM8_32K\Lib\libisl0.sm8)cprint.o
                                                    (C:\Programmi\COSMIC\CXSTM8_32K\Lib\libm0.sm8)ldiv.o
                                                    (C:\Programmi\COSMIC\CXSTM8_32K\Lib\libm0.sm8)itolx.o
                                                    (C:\Programmi\COSMIC\CXSTM8_32K\Lib\libm0.sm8)lcmp.o
                                                    (C:\Programmi\COSMIC\CXSTM8_32K\Lib\libm0.sm8)lgadd.o
                                                    (C:\Programmi\COSMIC\CXSTM8_32K\Lib\libm0.sm8)llsh.o
                                                    (C:\Programmi\COSMIC\CXSTM8_32K\Lib\libm0.sm8)lmul.o
                                                    (C:\Programmi\COSMIC\CXSTM8_32K\Lib\libm0.sm8)lneg.o
                                                    (C:\Programmi\COSMIC\CXSTM8_32K\Lib\libm0.sm8)lsub.o
                                                    (C:\Programmi\COSMIC\CXSTM8_32K\Lib\libm0.sm8)ltor.o
                                                    (C:\Programmi\COSMIC\CXSTM8_32K\Lib\libm0.sm8)lursh.o
                                                    (C:\Programmi\COSMIC\CXSTM8_32K\Lib\libm0.sm8)rtol.o
                                                    (C:\Programmi\COSMIC\CXSTM8_32K\Lib\libm0.sm8)smul.o
c_lsub                           00009a53   defined in (C:\Programmi\COSMIC\CXSTM8_32K\Lib\libm0.sm8)lsub.o section .text
                                            used in Debug\atomkernel.o
                                                    Debug\stm8s_uart2.o
c_ltor                           00009a6b   defined in (C:\Programmi\COSMIC\CXSTM8_32K\Lib\libm0.sm8)ltor.o section .text
                                            used in Debug\atomkernel.o
                                                    Debug\atomqueue.o
                                                    Debug\atomtimer.o
                                                    Debug\stm8s_clk.o
                                                    Debug\stm8s_uart2.o
                                                    Debug\sem1.o
                                                    (C:\Programmi\COSMIC\CXSTM8_32K\Lib\libisl0.sm8)itob.o
                                                    (C:\Programmi\COSMIC\CXSTM8_32K\Lib\libisl0.sm8)ildiv0.o
c_ludv                           00009a7d   defined in (C:\Programmi\COSMIC\CXSTM8_32K\Lib\libm0.sm8)ludiv.o section .text
                                            used in Debug\stm8s_clk.o
                                                    Debug\stm8s_uart2.o
c_lursh                          00009a91   defined in (C:\Programmi\COSMIC\CXSTM8_32K\Lib\libm0.sm8)lursh.o section .text
                                            used in Debug\stm8s_uart2.o
c_lzmp                           00009aa0   defined in (C:\Programmi\COSMIC\CXSTM8_32K\Lib\libm0.sm8)lzmp.o section .text
                                            used in Debug\atomkernel.o
                                                    Debug\atommutex.o
                                                    Debug\atomqueue.o
                                                    Debug\atomsem.o
                                                    Debug\atomtimer.o
                                                    Debug\sem1.o
                                                    Debug\tests-main.o
                                                    (C:\Programmi\COSMIC\CXSTM8_32K\Lib\libisl0.sm8)itob.o
c_rtol                           00009ab3   defined in (C:\Programmi\COSMIC\CXSTM8_32K\Lib\libm0.sm8)rtol.o section .text
                                            used in Debug\atomkernel.o
                                                    Debug\atomqueue.o
                                                    Debug\stm8s_clk.o
                                                    Debug\stm8s_uart2.o
                                                    (C:\Programmi\COSMIC\CXSTM8_32K\Lib\libisl0.sm8)cprint.o
                                                    (C:\Programmi\COSMIC\CXSTM8_32K\Lib\libisl0.sm8)itob.o
                                                    (C:\Programmi\COSMIC\CXSTM8_32K\Lib\libisl0.sm8)ildiv0.o
c_smul                           00009ac5   defined in (C:\Programmi\COSMIC\CXSTM8_32K\Lib\libm0.sm8)smul.o section .text
                                            used in Debug\stm8s_uart2.o
c_x                              00000004   defined in (C:\Programmi\COSMIC\CXSTM8_32K\Lib\libm0.sm8)xreg.o section .ubsct
                                            used in C:\Programmi\COSMIC\CXSTM8_32K\Lib\crtsi0.sm8
                                                    Debug\atomqueue.o
                                                    Debug\atomport.o
                                                    (C:\Programmi\COSMIC\CXSTM8_32K\Lib\libisl0.sm8)memcpy0.o
                                                    (C:\Programmi\COSMIC\CXSTM8_32K\Lib\libisl0.sm8)strlen0.o
                                                    (C:\Programmi\COSMIC\CXSTM8_32K\Lib\libm0.sm8)ldiv.o
                                                    (C:\Programmi\COSMIC\CXSTM8_32K\Lib\libm0.sm8)imul.o
                                                    (C:\Programmi\COSMIC\CXSTM8_32K\Lib\libm0.sm8)lmul.o
c_y                              00000007   defined in (C:\Programmi\COSMIC\CXSTM8_32K\Lib\libm0.sm8)yreg.o section .ubsct
                                            used in C:\Programmi\COSMIC\CXSTM8_32K\Lib\crtsi0.sm8
                                                    Debug\atomqueue.o
                                                    Debug\atomport.o
f_ADC1_ISR                       000091c5   defined in Debug\atomport.o section .text
                                            used in Debug\stm8_interrupt_vector.o
f_NonHandledInterrupt            00009b04   defined in Debug\stm8_interrupt_vector.o section .text
f_TIM1_SystemTickISR             00009191   defined in Debug\atomport.o section .text
                                            used in Debug\stm8_interrupt_vector.o
